=== Docker Error Log 2025-05-07 21:43:54 ===
#0 building with "desktop-linux" instance using docker driver

#1 [internal] load build definition from Dockerfile
#1 transferring dockerfile: 430B done
#1 DONE 0.0s

#2 [internal] load metadata for docker.io/library/node:20-alpine
#2 ...

#3 [auth] library/node:pull token for registry-1.docker.io
#3 DONE 0.0s

#2 [internal] load metadata for docker.io/library/node:20-alpine
#2 DONE 2.1s

#4 [internal] load .dockerignore
#4 transferring context: 183B done
#4 DONE 0.0s

#5 [1/6] FROM docker.io/library/node:20-alpine@sha256:c628bdc7ebc7f95b1b23249a445eb415ce68ae9def8b68364b35ee15e3065b0f
#5 resolve docker.io/library/node:20-alpine@sha256:c628bdc7ebc7f95b1b23249a445eb415ce68ae9def8b68364b35ee15e3065b0f 0.0s done
#5 DONE 0.0s

#6 [2/6] WORKDIR /app
#6 CACHED

#7 [internal] load build context
#7 transferring context: 1.72MB 1.1s done
#7 DONE 1.1s

#8 [3/6] COPY package*.json ./
#8 DONE 0.1s

#9 [4/6] RUN npm install
#9 4.007 npm warn deprecated @studio-freight/lenis@1.0.42: The '@studio-freight/lenis' package has been renamed to 'lenis'. Please update your dependencies: npm install lenis and visit the documentation: https://www.npmjs.com/package/lenis
#9 7.196 
#9 7.196 added 298 packages, and audited 299 packages in 7s
#9 7.196 
#9 7.196 147 packages are looking for funding
#9 7.196   run `npm fund` for details
#9 7.207 
#9 7.207 2 moderate severity vulnerabilities
#9 7.207 
#9 7.207 To address all issues, run:
#9 7.207   npm audit fix
#9 7.207 
#9 7.207 Run `npm audit` for details.
#9 7.211 npm notice
#9 7.211 npm notice New major version of npm available! 10.8.2 -> 11.3.0
#9 7.211 npm notice Changelog: https://github.com/npm/cli/releases/tag/v11.3.0
#9 7.211 npm notice To update run: npm install -g npm@11.3.0
#9 7.211 npm notice
#9 DONE 8.0s

#10 [5/6] COPY . .
#10 DONE 2.4s

#11 [6/6] RUN npm run build
#11 0.803 
#11 0.803 > kjyang-wbs-astro@1.0.0 build
#11 0.803 > astro build
#11 0.803 
#11 1.403 ▶ Astro collects anonymous usage data.
#11 1.403   This information helps us improve Astro.
#11 1.403   Run "astro telemetry disable" to opt-out.
#11 1.403   https://astro.build/telemetry
#11 1.403 
#11 2.256 13:44:11 [content] Syncing content
#11 2.260 13:44:11 [content] Synced content
#11 2.261 13:44:11 [types] Generated 316ms
#11 2.261 13:44:11 [build] output: "static"
#11 2.261 13:44:11 [build] mode: "static"
#11 2.262 13:44:11 [build] directory: /app/dist/
#11 2.262 13:44:11 [build] Collecting build info...
#11 2.262 13:44:11 [build] ✓ Completed in 326ms.
#11 2.263 13:44:11 [build] Building static entrypoints...
#11 3.578 13:44:12 [vite] ✓ built in 1.24s
#11 3.578 13:44:12 [build] ✓ Completed in 1.31s.
#11 3.578 
#11 3.578  building client (vite) 
#11 3.585 13:44:12 [vite] transforming...
#11 3.929 13:44:12 [vite] ✓ 23 modules transformed.
#11 3.992 13:44:12 [vite] rendering chunks...
#11 4.030 13:44:12 [vite] computing gzip size...
#11 4.034 13:44:12 [vite] dist/_assets/index.astro_astro_type_script_index_0_lang.BqF7T00l.js           1.52 kB │ gzip:  0.87 kB
#11 4.034 13:44:12 [vite] dist/_assets/Layout.astro_astro_type_script_index_0_lang.CHN3nob1.js          5.60 kB │ gzip:  2.52 kB
#11 4.034 13:44:12 [vite] dist/_assets/ClientRouter.astro_astro_type_script_index_0_lang.Cainpjm5.js   14.36 kB │ gzip:  4.90 kB
#11 4.034 13:44:12 [vite] dist/_assets/ScrollTrigger.CKx49QUS.js                                      113.82 kB │ gzip: 45.18 kB
#11 4.034 13:44:12 [vite] ✓ built in 454ms
#11 4.039 
#11 4.039  generating static routes 
#11 4.045 13:44:12 ▶ src/pages/404.astro
#11 4.045 13:44:12   └─ /404.html (+8ms) 
#11 4.057 13:44:12 ▶ src/pages/about.astro
#11 4.057 13:44:12   └─ /about/index.html (+3ms) 
#11 4.062 13:44:12 ▶ src/pages/contact.astro
#11 4.062 13:44:12   └─ /contact/index.html (+2ms) 
#11 4.065 13:44:12 ▶ src/pages/gomoku-game.astro
#11 4.065 13:44:12   └─ /gomoku-game/index.html (+3ms) 
#11 4.071 13:44:12 ▶ src/pages/projects.astro
#11 4.071 13:44:12   └─ /projects/index.html (+3ms) 
#11 4.077 13:44:12 ▶ src/pages/secret-game.astro
#11 4.077 13:44:12   └─ /secret-game/index.html (+2ms) 
#11 4.081 13:44:12 ▶ src/pages/index.astro
#11 4.081 13:44:12   └─ /index.html (+5ms) 
#11 4.086 13:44:12 ✓ Completed in 47ms.
#11 4.086 
#11 4.088 13:44:12 [build] 7 page(s) built in 2.15s
#11 4.088 13:44:12 [build] Complete!
#11 DONE 4.2s

#12 exporting to image
#12 exporting layers
#12 exporting layers 6.4s done
#12 exporting manifest sha256:0259408e4dd4443cc1a24ef6f6cb6a1645fd625291ebbb0844ac925add804a68
#12 exporting manifest sha256:0259408e4dd4443cc1a24ef6f6cb6a1645fd625291ebbb0844ac925add804a68 done
#12 exporting config sha256:254ce8cae143988c90684859efa0787e9a521030fe66f147299a58a091745841 done
#12 exporting attestation manifest sha256:cbe2c99e5c758a2a1eb214cbc4ad4b0a3c75417b8f0e45d689988b1b0ab2dc03 done
#12 exporting manifest list sha256:17bbc5fa9a84926bd7482df0e2ec75e58a9b9b84fd070b495b7b1e4e58d806cb done
#12 naming to docker.io/library/kjyang-wbs-astro:latest done
#12 unpacking to docker.io/library/kjyang-wbs-astro:latest
#12 unpacking to docker.io/library/kjyang-wbs-astro:latest 2.9s done
#12 DONE 9.4s

View build details: docker-desktop://dashboard/build/desktop-linux/desktop-linux/y9m1rr3h7lfp3l57whk33y4y7
